<?xml version="1.0" encoding="utf-8"?><testsuites name="pytest tests"><testsuite name="pytest" errors="0" failures="0" skipped="0" tests="2" time="0.030" timestamp="2025-10-16T14:32:26.700563-07:00" hostname="ML6VVT2WLQ.local"><testcase classname="tests.test_calculator" name="test_add" file="tests/test_calculator.py" line="3" time="0.001" /><testcase classname="tests.test_calculator" name="test_subtract" file="tests/test_calculator.py" line="8" time="0.001" /></testsuite></testsuites>